data/why3/frama_c/airborne/float_quat_comp/float_quat_comp_Why3_ide_vcg/lean/float_quat_comp_Why3_ide_VCfloat_quat_comp_post_goal0.lean
data/why3/frama_c/airborne/float_quat_of_rmat/float_quat_of_rmat_Why3_ide_vcg/lean/float_quat_of_rmat_Why3_ide_VCfloat_quat_of_rmat_a00_max_post_goal9.lean
data/why3/frama_c/airborne/float_quat_of_rmat/float_quat_of_rmat_Why3_ide_vcg/lean/float_quat_of_rmat_Why3_ide_VCfloat_quat_of_rmat_a11_max_post_goal10.lean
data/why3/frama_c/airborne/float_quat_of_rmat/float_quat_of_rmat_Why3_ide_vcg/lean/float_quat_of_rmat_Why3_ide_VCfloat_quat_of_rmat_a22_max_post_goal11.lean
data/why3/frama_c/airborne/float_quat_of_rmat/float_quat_of_rmat_Why3_ide_vcg/lean/float_quat_of_rmat_Why3_ide_VCfloat_quat_of_rmat_call_sqrtf_pre_arg_positive_3_goal6.lean
data/why3/frama_c/airborne/float_quat_of_rmat/float_quat_of_rmat_Why3_ide_vcg/lean/float_quat_of_rmat_Why3_ide_VCfloat_quat_of_rmat_trace_pos_post_goal12.lean
data/why3/frama_c/airborne/float_rmat_integrate_fi/float_rmat_integrate_fi_Why3_ide_vcg/lean/float_rmat_integrate_fi_Why3_ide_VCfloat_rmat_integrate_fi_call_float_rmat_comp_pre_2_goal0.lean
data/why3/frama_c/airborne/float_rmat_inv/float_rmat_inv_Why3_ide_vcg/lean/float_rmat_inv_Why3_ide_VCfloat_rmat_inv_post_goal0.lean
data/why3/frama_c/airborne/float_rmat_of_eulers_312/float_rmat_of_eulers_312_Why3_ide_vcg/lean/float_rmat_of_eulers_312_Why3_ide_VCfloat_rmat_of_eulers_312_post_goal0.lean
data/why3/frama_c/airborne/float_rmat_of_eulers_321/float_rmat_of_eulers_321_Why3_ide_vcg/lean/float_rmat_of_eulers_321_Why3_ide_VCfloat_rmat_of_eulers_321_post_2_goal1.lean
data/why3/frama_c/airborne/float_rmat_of_eulers_321/float_rmat_of_eulers_321_Why3_ide_vcg/lean/float_rmat_of_eulers_321_Why3_ide_VCfloat_rmat_of_eulers_321_post_goal0.lean
data/why3/frama_c/airborne/float_rmat_of_quat/float_rmat_of_quat_Why3_ide_vcg/lean/float_rmat_of_quat_Why3_ide_VCfloat_rmat_of_quat_post_2_goal1.lean
data/why3/frama_c/airborne/float_rmat_of_quat/float_rmat_of_quat_Why3_ide_vcg/lean/float_rmat_of_quat_Why3_ide_VCfloat_rmat_of_quat_post_3_goal2.lean
data/why3/frama_c/airborne/float_rmat_of_quat/float_rmat_of_quat_Why3_ide_vcg/lean/float_rmat_of_quat_Why3_ide_VCfloat_rmat_of_quat_post_goal0.lean
data/why3/frama_c/airborne/float_rmat_transp_vmult/float_rmat_transp_vmult_Why3_ide_vcg/lean/float_rmat_transp_vmult_Why3_ide_VCfloat_rmat_transp_vmult_post_goal0.lean
data/why3/frama_c/airborne/float_rmat_vmult/float_rmat_vmult_Why3_ide_vcg/lean/float_rmat_vmult_Why3_ide_VCfloat_rmat_vmult_post_goal0.lean
data/why3/frama_c/contiki_list/array_pop_Why3_ide_vcg/lean/array_pop_Why3_ide_VCarray_pop_loop_inv_CenterLinked_preserved_goal14.lean
data/why3/frama_c/contiki_list/array_pop_Why3_ide_vcg/lean/array_pop_Why3_ide_VCarray_pop_loop_inv_LeftLinked_preserved_goal17.lean
data/why3/frama_c/contiki_list/array_pop_Why3_ide_vcg/lean/array_pop_Why3_ide_VCarray_pop_loop_inv_RightLinked_preserved_goal18.lean
data/why3/frama_c/contiki_list/array_pop_Why3_ide_vcg/lean/array_pop_Why3_ide_VCarray_pop_post_Separation_2_goal7.lean
data/why3/frama_c/contiki_list/array_pop_Why3_ide_vcg/lean/array_pop_Why3_ide_VCarray_pop_post_Unique_goal8.lean
data/why3/frama_c/contiki_list/array_push_Why3_ide_vcg/lean/array_push_Why3_ide_VCarray_push_loop_inv_LeftLinked_preserved_part2_goal24.lean
data/why3/frama_c/contiki_list/array_push_Why3_ide_vcg/lean/array_push_Why3_ide_VCarray_push_loop_inv_RightLinked_preserved_part1_goal25.lean
data/why3/frama_c/contiki_list/array_push_Why3_ide_vcg/lean/array_push_Why3_ide_VCarray_push_loop_inv_RightLinked_preserved_part2_goal26.lean
data/why3/frama_c/contiki_list/array_push_Why3_ide_vcg/lean/array_push_Why3_ide_VCarray_push_post_Separation_2_part2_goal3.lean
data/why3/frama_c/contiki_list/array_push_Why3_ide_vcg/lean/array_push_Why3_ide_VCarray_push_post_StillLinked_part2_goal10.lean
data/why3/frama_c/contiki_list/array_push_Why3_ide_vcg/lean/array_push_Why3_ide_VCarray_push_post_Unique_part2_goal5.lean
data/why3/frama_c/contiki_list/index_of_not_in_subrange_Why3_ide_vcg/lean/index_of_not_in_subrange_Why3_ide_VCindex_of_not_in_subrange_loop_inv_3_preserved_goal4.lean
data/why3/frama_c/contiki_list/index_of_unexisting_item_Why3_ide_vcg/lean/index_of_unexisting_item_Why3_ide_VCindex_of_unexisting_item_post_goal0.lean
data/why3/frama_c/contiki_list/index_of_up_unexisting_item_Why3_ide_vcg/lean/index_of_up_unexisting_item_Why3_ide_VCindex_of_up_unexisting_item_loop_inv_3_preserved_goal3.lean
data/why3/frama_c/contiki_list/index_of_Why3_ide_vcg/lean/index_of_Why3_ide_VCindex_of_post_part2_goal1.lean
data/why3/frama_c/contiki_list/index_of_Why3_ide_vcg/lean/index_of_Why3_ide_VCindex_of_post_part3_goal2.lean
data/why3/frama_c/contiki_list/linked_n_before_last_Why3_ide_vcg/lean/linked_n_before_last_Why3_ide_VClinked_n_before_last_loop_inv_2_preserved_goal7.lean
data/why3/frama_c/contiki_list/linked_n_merge_segment_right_Why3_ide_vcg/lean/linked_n_merge_segment_right_Why3_ide_VClinked_n_merge_segment_right_post_goal0.lean
data/why3/frama_c/contiki_list/linked_n_merge_segment_Why3_ide_vcg/lean/linked_n_merge_segment_Why3_ide_VClinked_n_merge_segment_loop_inv_3_established_goal9.lean
data/why3/frama_c/contiki_list/linked_n_merge_segment_Why3_ide_vcg/lean/linked_n_merge_segment_Why3_ide_VClinked_n_merge_segment_loop_inv_3_preserved_goal8.lean
data/why3/frama_c/contiki_list/linked_n_merge_segment_Why3_ide_vcg/lean/linked_n_merge_segment_Why3_ide_VClinked_n_merge_segment_loop_inv_4_established_goal11.lean
data/why3/frama_c/contiki_list/linked_n_merge_segment_Why3_ide_vcg/lean/linked_n_merge_segment_Why3_ide_VClinked_n_merge_segment_loop_inv_4_preserved_goal10.lean
data/why3/frama_c/contiki_list/linked_n_split_segment_direct_Why3_ide_vcg/lean/linked_n_split_segment_direct_Why3_ide_VClinked_n_split_segment_direct_post_2_goal1.lean
data/why3/frama_c/contiki_list/linked_n_split_segment_direct_Why3_ide_vcg/lean/linked_n_split_segment_direct_Why3_ide_VClinked_n_split_segment_direct_post_goal0.lean
data/why3/frama_c/contiki_list/linked_n_split_segment_right_direct_Why3_ide_vcg/lean/linked_n_split_segment_right_direct_Why3_ide_VClinked_n_split_segment_right_direct_post_2_goal1.lean
data/why3/frama_c/contiki_list/linked_n_split_segment_right_direct_Why3_ide_vcg/lean/linked_n_split_segment_right_direct_Why3_ide_VClinked_n_split_segment_right_direct_post_goal0.lean
data/why3/frama_c/contiki_list/linked_n_split_segment_right_Why3_ide_vcg/lean/linked_n_split_segment_right_Why3_ide_VClinked_n_split_segment_right_post_2_goal1.lean
data/why3/frama_c/contiki_list/linked_n_split_segment_right_Why3_ide_vcg/lean/linked_n_split_segment_right_Why3_ide_VClinked_n_split_segment_right_post_goal0.lean
data/why3/frama_c/contiki_list/linked_n_split_segment_Why3_ide_vcg/lean/linked_n_split_segment_Why3_ide_VClinked_n_split_segment_loop_inv_3_established_goal11.lean
data/why3/frama_c/contiki_list/linked_n_split_segment_Why3_ide_vcg/lean/linked_n_split_segment_Why3_ide_VClinked_n_split_segment_loop_inv_3_preserved_goal10.lean
data/why3/frama_c/contiki_list/linked_n_split_segment_Why3_ide_vcg/lean/linked_n_split_segment_Why3_ide_VClinked_n_split_segment_loop_inv_4_established_goal13.lean
data/why3/frama_c/contiki_list/linked_n_split_segment_Why3_ide_vcg/lean/linked_n_split_segment_Why3_ide_VClinked_n_split_segment_loop_inv_4_preserved_goal12.lean
data/why3/frama_c/contiki_list/list_add_Why3_ide_vcg/lean/list_add_Why3_ide_VClist_add_call_list_final_add_pre_Linked_2_part1_goal43.lean
data/why3/frama_c/contiki_list/list_add_Why3_ide_vcg/lean/list_add_Why3_ide_VClist_add_call_list_final_add_pre_Linked_2_part4_goal44.lean
data/why3/frama_c/contiki_list/list_add_Why3_ide_vcg/lean/list_add_Why3_ide_VClist_add_call_list_final_add_pre_part02_goal34.lean
data/why3/frama_c/contiki_list/list_add_Why3_ide_vcg/lean/list_add_Why3_ide_VClist_add_call_list_final_add_pre_part11_goal35.lean
data/why3/frama_c/contiki_list/list_add_Why3_ide_vcg/lean/list_add_Why3_ide_VClist_add_call_list_final_add_pre_Separation_2_part4_goal54.lean
data/why3/frama_c/contiki_list/list_add_Why3_ide_vcg/lean/list_add_Why3_ide_VClist_add_call_list_tail_pre_2_part1_goal32.lean
data/why3/frama_c/contiki_list/list_add_Why3_ide_vcg/lean/list_add_Why3_ide_VClist_add_call_list_tail_pre_2_part4_goal33.lean
data/why3/frama_c/contiki_list/list_chop_Why3_ide_vcg/lean/list_chop_Why3_ide_VClist_chop_call_linked_n_before_last_pre_Linked_goal41.lean
data/why3/frama_c/contiki_list/list_chop_Why3_ide_vcg/lean/list_chop_Why3_ide_VClist_chop_more_post_3_part3_goal54.lean
data/why3/frama_c/contiki_list/list_copy_Why3_ide_vcg/lean/list_copy_Why3_ide_VClist_copy_post_2_goal1.lean
data/why3/frama_c/contiki_list/list_copy_Why3_ide_vcg/lean/list_copy_Why3_ide_VClist_copy_post_goal0.lean
data/why3/frama_c/contiki_list/list_final_add_Why3_ide_vcg/lean/list_final_add_Why3_ide_VClist_final_add_post_goal0.lean
data/why3/frama_c/contiki_list/list_pop_Why3_ide_vcg/lean/list_pop_Why3_ide_VClist_pop_more_post_2_part1_goal14.lean
data/why3/frama_c/contiki_list/list_pop_Why3_ide_vcg/lean/list_pop_Why3_ide_VClist_pop_more_post_3_part1_goal16.lean
data/why3/frama_c/contiki_list/list_pop_Why3_ide_vcg/lean/list_pop_Why3_ide_VClist_pop_more_post_NoMoreHere_2_part1_goal26.lean
data/why3/frama_c/contiki_list/list_pop_Why3_ide_vcg/lean/list_pop_Why3_ide_VClist_pop_more_post_NoMoreHere_part1_goal24.lean
data/why3/frama_c/contiki_list/list_push_Why3_ide_vcg/lean/list_push_Why3_ide_VClist_push_contains_item_post_2_part4_goal31.lean
data/why3/frama_c/contiki_list/list_push_Why3_ide_vcg/lean/list_push_Why3_ide_VClist_push_contains_item_post_3_part4_goal33.lean
data/why3/frama_c/contiki_list/list_push_Why3_ide_vcg/lean/list_push_Why3_ide_VClist_push_contains_item_post_GhostSeparation_part4_goal37.lean
data/why3/frama_c/contiki_list/list_push_Why3_ide_vcg/lean/list_push_Why3_ide_VClist_push_contains_item_post_part4_goal29.lean
data/why3/frama_c/contiki_list/list_push_Why3_ide_vcg/lean/list_push_Why3_ide_VClist_push_contains_item_post_Separation_2_part4_goal41.lean
data/why3/frama_c/contiki_list/list_push_Why3_ide_vcg/lean/list_push_Why3_ide_VClist_push_contains_item_post_Separation_part4_goal39.lean
data/why3/frama_c/contiki_list/list_push_Why3_ide_vcg/lean/list_push_Why3_ide_VClist_push_contains_item_post_Unique_part4_goal43.lean
data/why3/frama_c/contiki_list/list_push_Why3_ide_vcg/lean/list_push_Why3_ide_VClist_push_does_not_contain_item_post_2_part1_goal48.lean
data/why3/frama_c/contiki_list/list_push_Why3_ide_vcg/lean/list_push_Why3_ide_VClist_push_does_not_contain_item_post_GhostSeparation_part1_goal52.lean
data/why3/frama_c/contiki_list/list_push_Why3_ide_vcg/lean/list_push_Why3_ide_VClist_push_does_not_contain_item_post_part1_goal46.lean
data/why3/frama_c/contiki_list/list_push_Why3_ide_vcg/lean/list_push_Why3_ide_VClist_push_does_not_contain_item_post_Separation_2_part1_goal56.lean
data/why3/frama_c/contiki_list/list_push_Why3_ide_vcg/lean/list_push_Why3_ide_VClist_push_does_not_contain_item_post_Separation_part1_goal54.lean
data/why3/frama_c/contiki_list/list_push_Why3_ide_vcg/lean/list_push_Why3_ide_VClist_push_does_not_contain_item_post_Unique_part1_goal58.lean
data/why3/frama_c/contiki_list/list_push_Why3_ide_vcg/lean/list_push_Why3_ide_VClist_push_stmt_post_part1_goal44.lean
data/why3/frama_c/contiki_list/list_push_Why3_ide_vcg/lean/list_push_Why3_ide_VClist_push_stmt_post_part4_goal45.lean
data/why3/frama_c/contiki_list/list_remove_Why3_ide_vcg/lean/list_remove_Why3_ide_VClist_remove_assign_part5_goal28.lean
data/why3/frama_c/contiki_list/list_remove_Why3_ide_vcg/lean/list_remove_Why3_ide_VClist_remove_contains_item_post_ItemNotIn_part2_goal34.lean
data/why3/frama_c/contiki_list/list_remove_Why3_ide_vcg/lean/list_remove_Why3_ide_VClist_remove_contains_item_post_ItemNotIn_part5_goal36.lean
data/why3/frama_c/contiki_list/list_remove_Why3_ide_vcg/lean/list_remove_Why3_ide_VClist_remove_contains_item_post_IttemSep_part2_goal38.lean
data/why3/frama_c/contiki_list/list_remove_Why3_ide_vcg/lean/list_remove_Why3_ide_VClist_remove_contains_item_post_IttemSep_part5_goal40.lean
data/why3/frama_c/contiki_list/list_remove_Why3_ide_vcg/lean/list_remove_Why3_ide_VClist_remove_contains_item_post_Linked_part2_goal30.lean
data/why3/frama_c/contiki_list/list_remove_Why3_ide_vcg/lean/list_remove_Why3_ide_VClist_remove_contains_item_post_Linked_part5_goal32.lean
data/why3/frama_c/contiki_list/list_remove_Why3_ide_vcg/lean/list_remove_Why3_ide_VClist_remove_contains_item_post_PrevItem_part5_goal66.lean
data/why3/frama_c/contiki_list/list_remove_Why3_ide_vcg/lean/list_remove_Why3_ide_VClist_remove_contains_item_post_Swiped_part2_goal62.lean
data/why3/frama_c/contiki_list/list_remove_Why3_ide_vcg/lean/list_remove_Why3_ide_VClist_remove_contains_item_post_Swiped_part5_goal64.lean
data/why3/frama_c/contiki_list/list_remove_Why3_ide_vcg/lean/list_remove_Why3_ide_VClist_remove_contains_item_post_Unchanged_part5_goal60.lean
data/why3/frama_c/contiki_list/list_remove_Why3_ide_vcg/lean/list_remove_Why3_ide_VClist_remove_contains_item_post_UnchangedSwipe_part2_goal68.lean
data/why3/frama_c/contiki_list/list_remove_Why3_ide_vcg/lean/list_remove_Why3_ide_VClist_remove_contains_item_post_UnchangedSwipe_part5_goal70.lean
data/why3/frama_c/contiki_list/list_remove_Why3_ide_vcg/lean/list_remove_Why3_ide_VClist_remove_loop_inv_2_preserved_goal8.lean
data/why3/frama_c/contiki_list/list_tail_Why3_ide_vcg/lean/list_tail_Why3_ide_VClist_tail_loop_inv_3_preserved_goal6.lean
data/why3/frama_c/contiki_memb/memb_alloc_Why3_ide_vcg/lean/memb_alloc_Why3_ide_VCmemb_alloc_assert_rte_mem_access_8_goal10.lean
data/why3/frama_c/contiki_memb/memb_alloc_Why3_ide_vcg/lean/memb_alloc_Why3_ide_VCmemb_alloc_assert_rte_signed_overflow_2_goal11.lean
data/why3/frama_c/contiki_memb/memb_alloc_Why3_ide_vcg/lean/memb_alloc_Why3_ide_VCmemb_alloc_assert_rte_signed_overflow_3_goal12.lean
data/why3/frama_c/contiki_memb/memb_alloc_Why3_ide_vcg/lean/memb_alloc_Why3_ide_VCmemb_alloc_free_found_post_3_goal17.lean
data/why3/frama_c/contiki_memb/memb_alloc_Why3_ide_vcg/lean/memb_alloc_Why3_ide_VCmemb_alloc_free_found_post_goal15.lean
data/why3/frama_c/contiki_memb/memb_alloc_Why3_ide_vcg/lean/memb_alloc_Why3_ide_VCmemb_alloc_full_post_3_goal21.lean
data/why3/frama_c/contiki_memb/memb_alloc_Why3_ide_vcg/lean/memb_alloc_Why3_ide_VCmemb_alloc_loop_inv_2_preserved_goal4.lean
data/why3/frama_c/contiki_memb/memb_free_Why3_ide_vcg/lean/memb_free_Why3_ide_VCmemb_free_alloc_found_post_2_goal16.lean
data/why3/frama_c/contiki_memb/memb_free_Why3_ide_vcg/lean/memb_free_Why3_ide_VCmemb_free_alloc_found_post_goal15.lean
data/why3/frama_c/contiki_memb/memb_free_Why3_ide_vcg/lean/memb_free_Why3_ide_VCmemb_free_assert_rte_mem_access_4_goal11.lean
data/why3/frama_c/contiki_memb/memb_free_Why3_ide_vcg/lean/memb_free_Why3_ide_VCmemb_free_elem_notfound_post_goal21.lean
data/why3/frama_c/contiki_memb/memb_free_Why3_ide_vcg/lean/memb_free_Why3_ide_VCmemb_free_loop_inv_4_preserved_goal6.lean
data/why3/frama_c/contiki_memb/memb_free_Why3_ide_vcg/lean/memb_free_Why3_ide_VCmemb_free_loop_inv_5_preserved_goal8.lean
data/why3/frama_c/contiki_memb/memb_free_Why3_ide_vcg/lean/memb_free_Why3_ide_VCmemb_free_loop_inv_established_goal3.lean
data/why3/frama_c/contiki_memb/memb_init_Why3_ide_vcg/lean/memb_init_Why3_ide_VCmemb_init_assert_rte_signed_overflow_2_goal6.lean
data/why3/frama_c/contiki_memb/memb_init_Why3_ide_vcg/lean/memb_init_Why3_ide_VCmemb_init_call_memset_pre_valid_s_2_goal10.lean
data/why3/frama_c/contiki_memb/memb_init_Why3_ide_vcg/lean/memb_init_Why3_ide_VCmemb_init_call_memset_pre_valid_s_goal9.lean
data/why3/frama_c/contiki_memb/memb_numfree_Why3_ide_vcg/lean/memb_numfree_Why3_ide_VCmemb_numfree_assert_rte_signed_overflow_goal9.lean
data/why3/frama_c/contiki_memb/memb_numfree_Why3_ide_vcg/lean/memb_numfree_Why3_ide_VCmemb_numfree_loop_inv_3_preserved_goal4.lean
data/why3/frama_c/contiki_memb/memb_numfree_Why3_ide_vcg/lean/memb_numfree_Why3_ide_VCmemb_numfree_post_goal0.lean
data/why3/frama_c/contiki_memb/occ_a_split_Why3_ide_vcg/lean/occ_a_split_Why3_ide_VCocc_a_split_loop_inv_2_preserved_goal1.lean
data/why3/frama_c/klibc_stdio/__fflush_Why3_ide_vcg/lean/__fflush_Why3_ide_VC__fflush_call_write_pre_goal31.lean
data/why3/frama_c/klibc_stdio/_fwrite_Why3_ide_vcg/lean/_fwrite_Why3_ide_VC_fwrite_call___fflush_pre_part1_goal15.lean
data/why3/frama_c/klibc_stdio/_fwrite_Why3_ide_vcg/lean/_fwrite_Why3_ide_VC_fwrite_call___fflush_pre_part4_goal16.lean
data/why3/frama_c/klibc_string/memccpy_Why3_ide_vcg/lean/memccpy_Why3_ide_VCmemccpy_exists_c_post_part1_goal16.lean
data/why3/frama_c/klibc_string/memccpy_Why3_ide_vcg/lean/memccpy_Why3_ide_VCmemccpy_loop_inv_2_established_part2_goal4.lean
data/why3/frama_c/klibc_string/memccpy_Why3_ide_vcg/lean/memccpy_Why3_ide_VCmemccpy_loop_inv_7_preserved_goal12.lean
data/why3/frama_c/klibc_string/memccpy_Why3_ide_vcg/lean/memccpy_Why3_ide_VCmemccpy_not_exists_c_post_2_part1_goal21.lean
data/why3/frama_c/klibc_string/memchr_Why3_ide_vcg/lean/memchr_Why3_ide_VCmemchr_loop_inv_5_preserved_goal6.lean
data/why3/frama_c/klibc_string/memmem_Why3_ide_vcg/lean/memmem_Why3_ide_VCmemmem_disjoint_occr_not_occur_err_part1_goal1.lean
data/why3/frama_c/klibc_string/memmem_Why3_ide_vcg/lean/memmem_Why3_ide_VCmemmem_loop_term_decrease_part3_goal35.lean
data/why3/frama_c/klibc_string/strcasecmp_Why3_ide_vcg/lean/strcasecmp_Why3_ide_VCstrcasecmp_not_eq_post_part2_goal19.lean
data/why3/frama_c/klibc_string/strcat_Why3_ide_vcg/lean/strcat_Why3_ide_VCstrcat_call_strcpy_pre_6_goal9.lean
data/why3/frama_c/klibc_string/strdup_Why3_ide_vcg/lean/strdup_Why3_ide_VCstrdup_call_memcpy_pre_goal4.lean
data/why3/frama_c/klibc_string/strndup_Why3_ide_vcg/lean/strndup_Why3_ide_VCstrndup_call_memcpy_pre_4_goal5.lean
data/why3/frama_c/should_we_balance/cpumask_andnot_Why3_ide_vcg/lean/cpumask_andnot_Why3_ide_VCcpumask_andnot_assert_rte_signed_overflow_goal14.lean
data/why3/frama_c/should_we_balance/cpumask_andnot_Why3_ide_vcg/lean/cpumask_andnot_Why3_ide_VCcpumask_andnot_nonempty_dst1_post_goal16.lean
data/why3/frama_c/should_we_balance/cpumask_andnot_Why3_ide_vcg/lean/cpumask_andnot_Why3_ide_VCcpumask_andnot_post_2_goal0.lean
data/why3/frama_c/should_we_balance/find_next_bit_0_Why3_ide_vcg/lean/find_next_bit_0_Why3_ide_VCfind_next_bit_0_assert_rte_mem_access_goal3.lean
data/why3/frama_c/should_we_balance/is_core_idle_Why3_ide_vcg/lean/is_core_idle_Why3_ide_VCis_core_idle_call_find_next_bit_pre_2_goal8.lean
data/why3/frama_c/should_we_balance/is_core_idle_Why3_ide_vcg/lean/is_core_idle_Why3_ide_VCis_core_idle_loop_inv_2_preserved_goal3.lean
data/why3/frama_c/should_we_balance/should_we_balance_Why3_ide_vcg/lean/should_we_balance_Why3_ide_VCshould_we_balance_assert_rte_bool_value_2_goal24.lean
data/why3/frama_c/should_we_balance/should_we_balance_Why3_ide_vcg/lean/should_we_balance_Why3_ide_VCshould_we_balance_assert_rte_mem_access_10_goal22.lean
data/why3/frama_c/should_we_balance/should_we_balance_Why3_ide_vcg/lean/should_we_balance_Why3_ide_VCshould_we_balance_assert_rte_mem_access_12_goal23.lean
data/why3/frama_c/should_we_balance/should_we_balance_Why3_ide_vcg/lean/should_we_balance_Why3_ide_VCshould_we_balance_assert_rte_mem_access_14_goal25.lean
data/why3/frama_c/should_we_balance/should_we_balance_Why3_ide_vcg/lean/should_we_balance_Why3_ide_VCshould_we_balance_assert_rte_mem_access_2_goal3.lean
data/why3/frama_c/should_we_balance/should_we_balance_Why3_ide_vcg/lean/should_we_balance_Why3_ide_VCshould_we_balance_assert_rte_mem_access_4_goal5.lean
data/why3/frama_c/should_we_balance/should_we_balance_Why3_ide_vcg/lean/should_we_balance_Why3_ide_VCshould_we_balance_assert_rte_mem_access_5_goal7.lean
data/why3/frama_c/should_we_balance/should_we_balance_Why3_ide_vcg/lean/should_we_balance_Why3_ide_VCshould_we_balance_assert_rte_mem_access_7_goal9.lean
data/why3/frama_c/should_we_balance/should_we_balance_Why3_ide_vcg/lean/should_we_balance_Why3_ide_VCshould_we_balance_assert_rte_mem_access_9_goal10.lean
data/why3/frama_c/should_we_balance/should_we_balance_Why3_ide_vcg/lean/should_we_balance_Why3_ide_VCshould_we_balance_assert_rte_signed_overflow_goal27.lean
data/why3/frama_c/should_we_balance/should_we_balance_Why3_ide_vcg/lean/should_we_balance_Why3_ide_VCshould_we_balance_call_find_next_and_bit_pre_2_goal32.lean
data/why3/frama_c/should_we_balance/should_we_balance_Why3_ide_vcg/lean/should_we_balance_Why3_ide_VCshould_we_balance_complete_not_newly_idle_without_idle_no____goal0.lean
data/why3/frama_c/should_we_balance/should_we_balance_Why3_ide_vcg/lean/should_we_balance_Why3_ide_VCshould_we_balance_loop_inv_a2_established_goal16.lean
data/why3/frama_c/should_we_balance/should_we_balance_Why3_ide_vcg/lean/should_we_balance_Why3_ide_VCshould_we_balance_loop_inv_i2_preserved_goal18.lean
data/why3/frama_c/should_we_balance/should_we_balance_Why3_ide_vcg/lean/should_we_balance_Why3_ide_VCshould_we_balance_loop_inv_i5_preserved_goal21.lean
data/why3/frama_c/should_we_balance/should_we_balance_Why3_ide_vcg/lean/should_we_balance_Why3_ide_VCshould_we_balance_loop_inv_preserved_goal11.lean
data/why3/frama_c/should_we_balance/should_we_balance_Why3_ide_vcg/lean/should_we_balance_Why3_ide_VCshould_we_balance_not_newly_idle_with_idle_cpu_post_2_goal39.lean
data/why3/frama_c/should_we_balance/should_we_balance_Why3_ide_vcg/lean/should_we_balance_Why3_ide_VCshould_we_balance_not_newly_idle_with_idle_post_2_goal35.lean
data/why3/frama_c/standard_algorithms/binary_search/binary_search_Why3_ide_vcg/lean/binary_search_Why3_ide_VCbinary_search_post_result_goal0.lean
data/why3/frama_c/standard_algorithms/equal_range2/equal_range_Why3_ide_vcg/lean/equal_range_Why3_ide_VCequal_range_call_lower_bound_pre_sorted_goal26.lean
data/why3/frama_c/standard_algorithms/equal_range2/equal_range_Why3_ide_vcg/lean/equal_range_Why3_ide_VCequal_range_call_upper_bound_pre_sorted_goal28.lean
data/why3/frama_c/standard_algorithms/equal_range2/equal_range_Why3_ide_vcg/lean/equal_range_Why3_ide_VCequal_range_post_left_goal1.lean
data/why3/frama_c/standard_algorithms/equal_range2/equal_range_Why3_ide_vcg/lean/equal_range_Why3_ide_VCequal_range_post_middle_goal2.lean
data/why3/frama_c/standard_algorithms/equal_range2/equal_range_Why3_ide_vcg/lean/equal_range_Why3_ide_VCequal_range_post_result_goal0.lean
data/why3/frama_c/standard_algorithms/equal_range2/equal_range_Why3_ide_vcg/lean/equal_range_Why3_ide_VCequal_range_post_right_goal3.lean
data/why3/frama_c/standard_algorithms/inner_product/inner_product_Why3_ide_vcg/lean/inner_product_Why3_ide_VCinner_product_assert_rte_signed_overflow_3_goal10.lean
data/why3/frama_c/standard_algorithms/inner_product/inner_product_Why3_ide_vcg/lean/inner_product_Why3_ide_VCinner_product_assert_rte_signed_overflow_4_goal11.lean
data/why3/frama_c/standard_algorithms/insertion_sort/insertion_sort_Why3_ide_vcg/lean/insertion_sort_Why3_ide_VCinsertion_sort_loop_inv_reorder_preserved_goal4.lean
data/why3/frama_c/standard_algorithms/insertion_sort/insertion_sort_Why3_ide_vcg/lean/insertion_sort_Why3_ide_VCinsertion_sort_loop_inv_sorted_preserved_goal6.lean
data/why3/frama_c/standard_algorithms/insertion_sort/insertion_sort_Why3_ide_vcg/lean/insertion_sort_Why3_ide_VCinsertion_sort_loop_inv_unchanged_preserved_goal8.lean
data/why3/frama_c/standard_algorithms/insertion_sort/insertion_sort_Why3_ide_vcg/lean/insertion_sort_Why3_ide_VCinsertion_sort_post_reorder_goal1.lean
data/why3/frama_c/standard_algorithms/is_sorted/is_sorted_Why3_ide_vcg/lean/is_sorted_Why3_ide_VCis_sorted_post_goal0.lean
data/why3/frama_c/standard_algorithms/make_heap/make_heap_Why3_ide_vcg/lean/make_heap_Why3_ide_VCmake_heap_loop_inv_reorder_preserved_goal3.lean
data/why3/frama_c/standard_algorithms/make_heap/make_heap_Why3_ide_vcg/lean/make_heap_Why3_ide_VCmake_heap_post_reorder_goal1.lean
data/why3/frama_c/standard_algorithms/max_element/max_element_Why3_ide_vcg/lean/max_element_Why3_ide_VCmax_element_post_result_goal2.lean
data/why3/frama_c/standard_algorithms/partial_sort/HeapMaximum_Why3_ide_vcg/lean/HeapMaximum_Why3_ide_VCHeapMaximum_loop_inv_2_preserved_goal2.lean
data/why3/frama_c/standard_algorithms/partial_sort/partial_sort_Why3_ide_vcg/lean/partial_sort_Why3_ide_VCpartial_sort_loop_inv_upper_established_goal10.lean
data/why3/frama_c/standard_algorithms/partial_sort/partial_sort_Why3_ide_vcg/lean/partial_sort_Why3_ide_VCpartial_sort_loop_inv_upper_preserved_goal9.lean
data/why3/frama_c/standard_algorithms/partial_sort/partial_sort_Why3_ide_vcg/lean/partial_sort_Why3_ide_VCpartial_sort_post_partition_goal1.lean
data/why3/frama_c/standard_algorithms/partial_sort/partial_sort_Why3_ide_vcg/lean/partial_sort_Why3_ide_VCpartial_sort_post_reorder_goal2.lean
data/why3/frama_c/standard_algorithms/partial_sort/partial_sort_Why3_ide_vcg/lean/partial_sort_Why3_ide_VCpartial_sort_stmt_post_4_goal22.lean
data/why3/frama_c/standard_algorithms/partial_sort/partial_sort_Why3_ide_vcg/lean/partial_sort_Why3_ide_VCpartial_sort_stmt_post_5_goal24.lean
data/why3/frama_c/standard_algorithms/partial_sort/partial_sort_Why3_ide_vcg/lean/partial_sort_Why3_ide_VCpartial_sort_stmt_post_goal25.lean
data/why3/frama_c/standard_algorithms/partial_sort/partial_sort_Why3_ide_vcg/lean/partial_sort_Why3_ide_VCpartial_sort_stmt_post_lower_goal23.lean
data/why3/frama_c/standard_algorithms/partial_sum/partial_sum_Why3_ide_vcg/lean/partial_sum_Why3_ide_VCpartial_sum_assert_rte_signed_overflow_2_goal14.lean
data/why3/frama_c/standard_algorithms/pop_heap/pop_heap_Why3_ide_vcg/lean/pop_heap_Why3_ide_VCpop_heap_loop_inv_max_established_goal9.lean
data/why3/frama_c/standard_algorithms/pop_heap/pop_heap_Why3_ide_vcg/lean/pop_heap_Why3_ide_VCpop_heap_post_max_goal2.lean
data/why3/frama_c/standard_algorithms/pop_heap/pop_heap_Why3_ide_vcg/lean/pop_heap_Why3_ide_VCpop_heap_post_reorder_goal3.lean
data/why3/frama_c/standard_algorithms/pop_heap/pop_heap_Why3_ide_vcg/lean/pop_heap_Why3_ide_VCpop_heap_post_result_goal1.lean
data/why3/frama_c/standard_algorithms/push_heap/push_heap_Why3_ide_vcg/lean/push_heap_Why3_ide_VCpush_heap_loop_inv_add_established_goal6.lean
data/why3/frama_c/standard_algorithms/push_heap/push_heap_Why3_ide_vcg/lean/push_heap_Why3_ide_VCpush_heap_loop_inv_add_preserved_goal5.lean
data/why3/frama_c/standard_algorithms/push_heap/push_heap_Why3_ide_vcg/lean/push_heap_Why3_ide_VCpush_heap_loop_inv_minus_established_goal15.lean
data/why3/frama_c/standard_algorithms/push_heap/push_heap_Why3_ide_vcg/lean/push_heap_Why3_ide_VCpush_heap_loop_inv_minus_preserved_goal14.lean
data/why3/frama_c/standard_algorithms/push_heap/push_heap_Why3_ide_vcg/lean/push_heap_Why3_ide_VCpush_heap_loop_inv_retain_preserved_goal16.lean
data/why3/frama_c/standard_algorithms/push_heap/push_heap_Why3_ide_vcg/lean/push_heap_Why3_ide_VCpush_heap_post_reorder_goal1.lean
data/why3/frama_c/standard_algorithms/random_shuffle/random_shuffle_Why3_ide_vcg/lean/random_shuffle_Why3_ide_VCrandom_shuffle_loop_inv_reorder_preserved_goal2.lean
data/why3/frama_c/standard_algorithms/remove_copy/remove_copy_Why3_ide_vcg/lean/remove_copy_Why3_ide_VCremove_copy_loop_inv_retain_preserved_goal5.lean
data/why3/frama_c/standard_algorithms/replace_copy/replace_copy_Why3_ide_vcg/lean/replace_copy_Why3_ide_VCreplace_copy_post_replace_goal0.lean
data/why3/frama_c/standard_algorithms/reverse/reverse_Why3_ide_vcg/lean/reverse_Why3_ide_VCreverse_loop_inv_right_preserved_goal7.lean
data/why3/frama_c/standard_algorithms/search_n/search_n_Why3_ide_vcg/lean/search_n_Why3_ide_VCsearch_n_has_match_post_match_goal14.lean
data/why3/frama_c/standard_algorithms/search_n/search_n_Why3_ide_vcg/lean/search_n_Why3_ide_VCsearch_n_loop_inv_not_found_preserved_goal4.lean
data/why3/frama_c/standard_algorithms/search_n/search_n_Why3_ide_vcg/lean/search_n_Why3_ide_VCsearch_n_no_match_post_result_goal16.lean
data/why3/frama_c/standard_algorithms/selection_sort/LowerBoundShift_Why3_ide_vcg/lean/LowerBoundShift_Why3_ide_VCLowerBoundShift_post_goal0.lean
data/why3/frama_c/standard_algorithms/selection_sort/selection_sort_Why3_ide_vcg/lean/selection_sort_Why3_ide_VCselection_sort_loop_inv_reorder_preserved_goal3.lean
data/why3/frama_c/standard_algorithms/selection_sort/selection_sort_Why3_ide_vcg/lean/selection_sort_Why3_ide_VCselection_sort_loop_inv_sorted_2_preserved_goal7.lean
data/why3/frama_c/standard_algorithms/selection_sort/selection_sort_Why3_ide_vcg/lean/selection_sort_Why3_ide_VCselection_sort_post_sorted_goal0.lean
data/why3/frama_c/standard_algorithms/selection_sort/SortedShift_Why3_ide_vcg/lean/SortedShift_Why3_ide_VCSortedShift_post_goal0.lean
data/why3/frama_c/standard_algorithms/selection_sort/StrictLowerBoundShift_Why3_ide_vcg/lean/StrictLowerBoundShift_Why3_ide_VCStrictLowerBoundShift_post_goal0.lean
data/why3/frama_c/standard_algorithms/selection_sort/StrictUpperBoundShift_Why3_ide_vcg/lean/StrictUpperBoundShift_Why3_ide_VCStrictUpperBoundShift_post_goal0.lean
data/why3/frama_c/standard_algorithms/selection_sort/UpperBoundShift_Why3_ide_vcg/lean/UpperBoundShift_Why3_ide_VCUpperBoundShift_post_goal0.lean
data/why3/frama_c/standard_algorithms/sort_heap/sort_heap_Why3_ide_vcg/lean/sort_heap_Why3_ide_VCsort_heap_loop_inv_reorder_preserved_goal6.lean
data/why3/frama_c/verker/int_sqrt_Why3_ide_vcg/lean/int_sqrt_Why3_ide_VCint_sqrt_loop_term_decrease_goal1.lean
data/why3/frama_c/verker/match_string_Why3_ide_vcg/lean/match_string_Why3_ide_VCmatch_string_assert_2_goal5.lean
data/why3/frama_c/verker/match_string_Why3_ide_vcg/lean/match_string_Why3_ide_VCmatch_string_assert_goal4.lean
data/why3/frama_c/verker/match_string_Why3_ide_vcg/lean/match_string_Why3_ide_VCmatch_string_exists_post_goal7.lean
data/why3/frama_c/verker/match_string_Why3_ide_vcg/lean/match_string_Why3_ide_VCmatch_string_loop_inv_established_goal1.lean
data/why3/frama_c/verker/match_string_Why3_ide_vcg/lean/match_string_Why3_ide_VCmatch_string_loop_inv_preserved_goal0.lean
data/why3/frama_c/verker/match_string_Why3_ide_vcg/lean/match_string_Why3_ide_VCmatch_string_missing_post_goal11.lean
data/why3/frama_c/verker/strcat_Why3_ide_vcg/lean/strcat_Why3_ide_VCstrcat_loop_inv_2_preserved_goal3.lean
data/why3/frama_c/verker/strchrnul_Why3_ide_vcg/lean/strchrnul_Why3_ide_VCstrchrnul_assert_2_goal8.lean
data/why3/frama_c/verker/strchrnul_Why3_ide_vcg/lean/strchrnul_Why3_ide_VCstrchrnul_exists_post_goal10.lean
data/why3/frama_c/verker/strchrnul_Why3_ide_vcg/lean/strchrnul_Why3_ide_VCstrchrnul_loop_inv_2_preserved_goal3.lean
data/why3/frama_c/verker/strchrnul_Why3_ide_vcg/lean/strchrnul_Why3_ide_VCstrchrnul_loop_inv_3_preserved_goal5.lean
data/why3/frama_c/verker/strchrnul_Why3_ide_vcg/lean/strchrnul_Why3_ide_VCstrchrnul_loop_inv_preserved_goal2.lean
data/why3/frama_c/verker/strchrnul_Why3_ide_vcg/lean/strchrnul_Why3_ide_VCstrchrnul_loop_term_positive_goal9.lean
data/why3/frama_c/verker/strchrnul_Why3_ide_vcg/lean/strchrnul_Why3_ide_VCstrchrnul_not_exists_post_2_goal13.lean
data/why3/frama_c/verker/strchrnul_Why3_ide_vcg/lean/strchrnul_Why3_ide_VCstrchrnul_not_exists_post_goal12.lean
data/why3/frama_c/verker/strchrnul_Why3_ide_vcg/lean/strchrnul_Why3_ide_VCstrchrnul_post_goal0.lean
data/why3/frama_c/verker/strchr_Why3_ide_vcg/lean/strchr_Why3_ide_VCstrchr_assert_2_goal8.lean
data/why3/frama_c/verker/strchr_Why3_ide_vcg/lean/strchr_Why3_ide_VCstrchr_assert_goal7.lean
data/why3/frama_c/verker/strchr_Why3_ide_vcg/lean/strchr_Why3_ide_VCstrchr_exists_post_2_goal11.lean
data/why3/frama_c/verker/strchr_Why3_ide_vcg/lean/strchr_Why3_ide_VCstrchr_exists_post_3_goal12.lean
data/why3/frama_c/verker/strchr_Why3_ide_vcg/lean/strchr_Why3_ide_VCstrchr_exists_post_goal10.lean
data/why3/frama_c/verker/strchr_Why3_ide_vcg/lean/strchr_Why3_ide_VCstrchr_loop_inv_2_preserved_goal2.lean
data/why3/frama_c/verker/strchr_Why3_ide_vcg/lean/strchr_Why3_ide_VCstrchr_loop_inv_3_preserved_goal4.lean
data/why3/frama_c/verker/strchr_Why3_ide_vcg/lean/strchr_Why3_ide_VCstrchr_loop_inv_preserved_goal1.lean
data/why3/frama_c/verker/strchr_Why3_ide_vcg/lean/strchr_Why3_ide_VCstrchr_loop_term_positive_goal9.lean
data/why3/frama_c/verker/strcmp_Why3_ide_vcg/lean/strcmp_Why3_ide_VCstrcmp_loop_inv_3_preserved_goal5.lean
data/why3/frama_c/verker/strcmp_Why3_ide_vcg/lean/strcmp_Why3_ide_VCstrcmp_loop_inv_6_preserved_goal8.lean
data/why3/frama_c/verker/strcmp_Why3_ide_vcg/lean/strcmp_Why3_ide_VCstrcmp_loop_inv_preserved_goal2.lean
data/why3/frama_c/verker/strim_Why3_ide_vcg/lean/strim_Why3_ide_VCstrim_len_assign_exit_part5_goal18.lean
data/why3/frama_c/verker/strim_Why3_ide_vcg/lean/strim_Why3_ide_VCstrim_len_assign_exit_part6_goal19.lean
data/why3/frama_c/verker/strim_Why3_ide_vcg/lean/strim_Why3_ide_VCstrim_len_assign_normal_part6_goal20.lean
data/why3/frama_c/verker/strim_Why3_ide_vcg/lean/strim_Why3_ide_VCstrim_len_assign_normal_part7_goal21.lean
data/why3/frama_c/verker/strlcpy_Why3_ide_vcg/lean/strlcpy_Why3_ide_VCstrlcpy_assert_3_goal4.lean
data/why3/frama_c/verker/strlen_Why3_ide_vcg/lean/strlen_Why3_ide_VCstrlen_loop_inv_2_preserved_goal5.lean
data/why3/frama_c/verker/strlen_Why3_ide_vcg/lean/strlen_Why3_ide_VCstrlen_loop_inv_3_preserved_goal6.lean
data/why3/frama_c/verker/strlen_Why3_ide_vcg/lean/strlen_Why3_ide_VCstrlen_post_2_goal1.lean
data/why3/frama_c/verker/strlen_Why3_ide_vcg/lean/strlen_Why3_ide_VCstrlen_post_3_goal2.lean
data/why3/frama_c/verker/strncat_Why3_ide_vcg/lean/strncat_Why3_ide_VCstrncat_loop_inv_2_preserved_goal4.lean
data/why3/frama_c/verker/strnchr_Why3_ide_vcg/lean/strnchr_Why3_ide_VCstrnchr_loop_inv_4_preserved_goal5.lean
data/why3/frama_c/verker/strnchr_Why3_ide_vcg/lean/strnchr_Why3_ide_VCstrnchr_loop_inv_5_preserved_goal6.lean
data/why3/frama_c/verker/strncmp_Why3_ide_vcg/lean/strncmp_Why3_ide_VCstrncmp_len_diff_post_2_goal23.lean
data/why3/frama_c/verker/strncmp_Why3_ide_vcg/lean/strncmp_Why3_ide_VCstrncmp_loop_inv_2_preserved_goal6.lean
data/why3/frama_c/verker/strncmp_Why3_ide_vcg/lean/strncmp_Why3_ide_VCstrncmp_loop_inv_3_preserved_goal8.lean
data/why3/frama_c/verker/strncmp_Why3_ide_vcg/lean/strncmp_Why3_ide_VCstrncmp_loop_inv_5_preserved_goal11.lean
data/why3/frama_c/verker/strncmp_Why3_ide_vcg/lean/strncmp_Why3_ide_VCstrncmp_loop_inv_6_preserved_goal12.lean
data/why3/frama_c/verker/strncmp_Why3_ide_vcg/lean/strncmp_Why3_ide_VCstrncmp_loop_inv_7_preserved_goal13.lean
data/why3/frama_c/verker/strncpy_Why3_ide_vcg/lean/strncpy_Why3_ide_VCstrncpy_not_exceed_post_2_goal19.lean
data/why3/frama_c/verker/strnlen_Why3_ide_vcg/lean/strnlen_Why3_ide_VCstrnlen_count_len_post_goal10.lean
data/why3/frama_c/verker/strnlen_Why3_ide_vcg/lean/strnlen_Why3_ide_VCstrnlen_loop_inv_4_preserved_goal6.lean
data/why3/frama_c/verker/strnlen_Why3_ide_vcg/lean/strnlen_Why3_ide_VCstrnlen_loop_inv_5_preserved_goal7.lean
data/why3/frama_c/verker/strnlen_Why3_ide_vcg/lean/strnlen_Why3_ide_VCstrnlen_loop_inv_6_preserved_goal8.lean
data/why3/frama_c/verker/strnlen_Why3_ide_vcg/lean/strnlen_Why3_ide_VCstrnlen_null_byte_post_goal11.lean
data/why3/frama_c/verker/strpbrk_Why3_ide_vcg/lean/strpbrk_Why3_ide_VCstrpbrk_assert_4_goal16.lean
data/why3/frama_c/verker/strpbrk_Why3_ide_vcg/lean/strpbrk_Why3_ide_VCstrpbrk_assert_goal13.lean
data/why3/frama_c/verker/strpbrk_Why3_ide_vcg/lean/strpbrk_Why3_ide_VCstrpbrk_loop_inv_2_preserved_goal3.lean
data/why3/frama_c/verker/strpbrk_Why3_ide_vcg/lean/strpbrk_Why3_ide_VCstrpbrk_loop_inv_3_preserved_goal4.lean
data/why3/frama_c/verker/strpbrk_Why3_ide_vcg/lean/strpbrk_Why3_ide_VCstrpbrk_loop_inv_5_preserved_goal7.lean
data/why3/frama_c/verker/strpbrk_Why3_ide_vcg/lean/strpbrk_Why3_ide_VCstrpbrk_loop_inv_6_preserved_goal9.lean
data/why3/frama_c/verker/strpbrk_Why3_ide_vcg/lean/strpbrk_Why3_ide_VCstrpbrk_loop_inv_7_established_goal11.lean
data/why3/frama_c/verker/strpbrk_Why3_ide_vcg/lean/strpbrk_Why3_ide_VCstrpbrk_loop_inv_7_preserved_goal10.lean
data/why3/frama_c/verker/strpbrk_Why3_ide_vcg/lean/strpbrk_Why3_ide_VCstrpbrk_loop_inv_preserved_goal1.lean
data/why3/frama_c/verker/strpbrk_Why3_ide_vcg/lean/strpbrk_Why3_ide_VCstrpbrk_loop_term_2_positive_goal18.lean
data/why3/frama_c/verker/strpbrk_Why3_ide_vcg/lean/strpbrk_Why3_ide_VCstrpbrk_loop_term_positive_goal17.lean
data/why3/frama_c/verker/strreplace_Why3_ide_vcg/lean/strreplace_Why3_ide_VCstrreplace_loop_inv_preserved_goal4.lean
data/why3/frama_c/verker/strspn_Why3_ide_vcg/lean/strspn_Why3_ide_VCstrspn_assert_2_goal19.lean
data/why3/frama_c/verker/strspn_Why3_ide_vcg/lean/strspn_Why3_ide_VCstrspn_loop_inv_7_preserved_goal12.lean
data/why3/frama_c/verker/strspn_Why3_ide_vcg/lean/strspn_Why3_ide_VCstrspn_loop_inv_8_established_goal15.lean
data/why3/frama_c/verker/strspn_Why3_ide_vcg/lean/strspn_Why3_ide_VCstrspn_loop_inv_8_preserved_goal14.lean
data/why3/frama_c/verker/strspn_Why3_ide_vcg/lean/strspn_Why3_ide_VCstrspn_loop_inv_9_preserved_goal16.lean
data/why3/frama_c/verker/strspn_Why3_ide_vcg/lean/strspn_Why3_ide_VCstrspn_loop_term_2_positive_goal20.lean
data/why3/frama_c/verker/strspn_Why3_ide_vcg/lean/strspn_Why3_ide_VCstrspn_post_2_goal0.lean
data/why3/frama_c/verker/strspn_Why3_ide_vcg/lean/strspn_Why3_ide_VCstrspn_post_3_goal1.lean
data/why3/frama_c/verker/sysfs_streq_Why3_ide_vcg/lean/sysfs_streq_Why3_ide_VCsysfs_streq_assert_13_goal19.lean
data/why3/frama_c/verker/sysfs_streq_Why3_ide_vcg/lean/sysfs_streq_Why3_ide_VCsysfs_streq_assert_3_goal13.lean
data/why3/frama_c/verker/sysfs_streq_Why3_ide_vcg/lean/sysfs_streq_Why3_ide_VCsysfs_streq_assert_8_goal16.lean
data/why3/frama_c/verker/sysfs_streq_Why3_ide_vcg/lean/sysfs_streq_Why3_ide_VCsysfs_streq_loop_inv_2_preserved_goal3.lean
data/why3/frama_c/verker/sysfs_streq_Why3_ide_vcg/lean/sysfs_streq_Why3_ide_VCsysfs_streq_loop_inv_3_preserved_goal4.lean
data/why3/frama_c/verker/sysfs_streq_Why3_ide_vcg/lean/sysfs_streq_Why3_ide_VCsysfs_streq_loop_inv_4_preserved_goal5.lean
data/why3/frama_c/verker/sysfs_streq_Why3_ide_vcg/lean/sysfs_streq_Why3_ide_VCsysfs_streq_loop_inv_5_preserved_goal7.lean
data/why3/frama_c/verker/sysfs_streq_Why3_ide_vcg/lean/sysfs_streq_Why3_ide_VCsysfs_streq_loop_inv_7_preserved_goal10.lean
data/why3/frama_c/verker/sysfs_streq_Why3_ide_vcg/lean/sysfs_streq_Why3_ide_VCsysfs_streq_loop_inv_preserved_goal2.lean
data/why3/frama_c/verker/sysfs_streq_Why3_ide_vcg/lean/sysfs_streq_Why3_ide_VCsysfs_streq_loop_term_decrease_goal20.lean
data/why3/frama_c/verker/__tolower_Why3_ide_vcg/lean/__tolower_Why3_ide_VC__tolower_post_goal0.lean
data/why3/frama_c/verker/__toupper_Why3_ide_vcg/lean/__toupper_Why3_ide_VC__toupper_post_goal0.lean
data/why3/frama_c/x509_parser/check_utf8_string_Why3_ide_vcg/lean/check_utf8_string_Why3_ide_VCcheck_utf8_string_assert_rte_mem_access_7_part04_goal20.lean
data/why3/frama_c/x509_parser/check_utf8_string_Why3_ide_vcg/lean/check_utf8_string_Why3_ide_VCcheck_utf8_string_assert_rte_mem_access_9_part03_goal29.lean
data/why3/frama_c/x509_parser/get_length_Why3_ide_vcg/lean/get_length_Why3_ide_VCget_length_assert_rte_mem_access_4_goal14.lean
data/why3/frama_c/x509_parser/_parse_arc_Why3_ide_vcg/lean/_parse_arc_Why3_ide_VC_parse_arc_assert_rte_mem_access_part1_goal5.lean
data/why3/frama_c/x509_parser/parse_generalizedTime_Why3_ide_vcg/lean/parse_generalizedTime_Why3_ide_VCparse_generalizedTime_call_compute_decimal_pre_part1_5_goal32.lean
data/why3/frama_c/x509_parser/parse_generalizedTime_Why3_ide_vcg/lean/parse_generalizedTime_Why3_ide_VCparse_generalizedTime_call_compute_year_pre_3_part1_goal12.lean
data/why3/frama_c/x509_parser/parse_NoticeReference_Why3_ide_vcg/lean/parse_NoticeReference_Why3_ide_VCparse_NoticeReference_loop_inv_preserved_goal1.lean
data/why3/frama_c/x509_parser/parse_PolicyInformation_Why3_ide_vcg/lean/parse_PolicyInformation_Why3_ide_VCparse_PolicyInformation_loop_inv_preserved_goal2.lean
data/why3/frama_c/x509_parser/parse_UTCTime_Why3_ide_vcg/lean/parse_UTCTime_Why3_ide_VCparse_UTCTime_call_compute_decimal_pre_part1_3_goal17.lean
data/why3/pearl/algo64_vcg/lean/algo64_Algo64_quicksortqtvc.lean
data/why3/pearl/algo65_vcg/lean/algo65_Algo65_findqtvc.lean
data/why3/pearl/avl/avl_vcg/lean/avl_AVL_back_nodeqtvc.lean
data/why3/pearl/avl/avl_vcg/lean/avl_AVL_balanceqtvc.lean
data/why3/pearl/avl/avl_vcg/lean/avl_AVL_consqtvc.lean
data/why3/pearl/avl/avl_vcg/lean/avl_AVL_decompose_back_nodeqtvc.lean
data/why3/pearl/avl/avl_vcg/lean/avl_AVL_decompose_front_nodeqtvc.lean
data/why3/pearl/avl/avl_vcg/lean/avl_AVL_extractqtvc.lean
data/why3/pearl/avl/avl_vcg/lean/avl_AVL_front_nodeqtvc.lean
data/why3/pearl/avl/avl_vcg/lean/avl_AVL_fuseqtvc.lean
data/why3/pearl/avl/avl_vcg/lean/avl_AVL_getqtvc.lean
data/why3/pearl/avl/avl_vcg/lean/avl_AVL_insertqtvc.lean
data/why3/pearl/avl/avl_vcg/lean/avl_AVL_joinqtvc.lean
data/why3/pearl/avl/avl_vcg/lean/avl_AVL_removeqtvc.lean
data/why3/pearl/avl/avl_vcg/lean/avl_AVL_snocqtvc.lean
data/why3/pearl/avl/avl_vcg/lean/avl_AVL_splitqtvc.lean
data/why3/pearl/avl/priority_queue_vcg/lean/priority_queue_PQueue_extract_minqtvc.lean
data/why3/pearl/avl/priority_queue_vcg/lean/priority_queue_PQueue_minqtvc.lean
data/why3/pearl/avl/priority_queue_vcg/lean/priority_queue_PQueue_pop_minqtvc.lean
data/why3/pearl/avl/priority_queue_vcg/lean/priority_queue_PQueue_selected_partqtvc.lean
data/why3/pearl/avl/tables_vcg/lean/tables_MapBase_getqtvc.lean
data/why3/pearl/avl/tables_vcg/lean/tables_MapBase_insertqtvc.lean
data/why3/pearl/avl/tables_vcg/lean/tables_MapBase_joinqtvc.lean
data/why3/pearl/avl/tables_vcg/lean/tables_MapBase_removeqtvc.lean
data/why3/pearl/avl/tables_vcg/lean/tables_MapBase_splitqtvc.lean
data/why3/pearl/avl/tables_vcg/lean/tables_MapBase_viewqtvc.lean
data/why3/pearl/bellman_ford_vcg/lean/bellman_ford_BellmanFord_bellman_fordqtvc.lean
data/why3/pearl/bellman_ford_vcg/lean/bellman_ford_BellmanFord_relaxqtvc.lean
data/why3/pearl/bignum_vcg/lean/bignum_BigNum_add_cinqtvc.lean
data/why3/pearl/bignum_vcg/lean/bignum_BigNum_add_digitqtvc.lean
data/why3/pearl/bignum_vcg/lean/bignum_BigNum_addqtvc.lean
data/why3/pearl/binary_search_vcg/lean/binary_search_Complexity_binary_searchqtvc.lean
data/why3/pearl/binary_sort_vcg/lean/binary_sort_BinarySort_binary_sortqtvc.lean
data/why3/pearl/binary_sqrt_vcg/lean/binary_sqrt_BinarySqrt_sqrt_mainqtvc.lean
data/why3/pearl/binary_sqrt_vcg/lean/binary_sqrt_BinarySqrt_sqrtqtvc.lean
data/why3/pearl/binomial_heap_vcg/lean/binomial_heap_BinomialHeap_extract_minqtvc.lean
data/why3/pearl/binomial_heap_vcg/lean/binomial_heap_BinomialHeap_extract_min_treeqtvc.lean
data/why3/pearl/binomial_heap_vcg/lean/binomial_heap_BinomialHeap_get_minqtvc.lean
data/why3/pearl/binomial_heap_vcg/lean/binomial_heap_BinomialHeap_mergeqtvc.lean
data/why3/pearl/binomial_vcg/lean/binomial_Top_computeqtvc.lean
data/why3/pearl/bitcount_vcg/lean/bitcount_AsciiCode_asciiqtvc.lean
data/why3/pearl/bitcount_vcg/lean/bitcount_BitCounting32_countqtvc.lean
data/why3/pearl/bitcount_vcg/lean/bitcount_Hamming_hammingDqtvc.lean
data/why3/pearl/bitwalker_vcg/lean/bitwalker_Bitwalker_peekqtvc.lean
data/why3/pearl/bitwalker_vcg/lean/bitwalker_Bitwalker_peekthenpokeqtvc.lean
data/why3/pearl/bitwalker_vcg/lean/bitwalker_Bitwalker_poke_64bit_bvqtvc.lean
data/why3/pearl/bitwalker_vcg/lean/bitwalker_Bitwalker_poke_8bitqtvc.lean
data/why3/pearl/bitwalker_vcg/lean/bitwalker_Bitwalker_pokeqtvc.lean
data/why3/pearl/bitwalker_vcg/lean/bitwalker_Bitwalker_pokethenpeekqtvc.lean
data/why3/pearl/braun_trees_vcg/lean/braun_trees_BraunHeaps_addqtvc.lean
data/why3/pearl/braun_trees_vcg/lean/braun_trees_BraunHeaps_extractqtvc.lean
data/why3/pearl/braun_trees_vcg/lean/braun_trees_BraunHeaps_fast_sizeqtvc.lean
data/why3/pearl/braun_trees_vcg/lean/braun_trees_BraunHeaps_mergeqtvc.lean
data/why3/pearl/braun_trees_vcg/lean/braun_trees_BraunHeaps_replace_minqtvc.lean
data/why3/pearl/coincidence_count_vcg/lean/coincidence_count_CoincidenceCountBag_coincidence_countqtvc.lean
data/why3/pearl/coincidence_count_vcg/lean/coincidence_count_CoincidenceCount_coincidence_countqtvc.lean
data/why3/pearl/counting_sort_vcg/lean/counting_sort_InPlaceCountingSort_in_place_counting_sortqtvc.lean
data/why3/pearl/cursor_examples_vcg/lean/cursor_examples_TestListCursor_list_sumqtvc.lean
data/why3/pearl/decrease1_vcg/lean/decrease1_Decrease1_searchqtvc.lean
data/why3/pearl/decrease1_vcg/lean/decrease1_Decrease1_search_recqtvc.lean
data/why3/pearl/defunctionalization_vcg/lean/defunctionalization_Defunctionalization_continue_2qtvc.lean
data/why3/pearl/defunctionalization_vcg/lean/defunctionalization_Defunctionalization_eval_2qtvc.lean
data/why3/pearl/defunctionalization_vcg/lean/defunctionalization_ReductionSemantics_decompose_contqtvc.lean
data/why3/pearl/defunctionalization_vcg/lean/defunctionalization_ReductionSemantics_decompose_termqtvc.lean
data/why3/pearl/defunctionalization_vcg/lean/defunctionalization_ReductionSemantics_eval_1qtvc.lean
data/why3/pearl/defunctionalization_vcg/lean/defunctionalization_ReductionSemantics_eval_2qtvc.lean
data/why3/pearl/defunctionalization_vcg/lean/defunctionalization_ReductionSemantics_interpretqtvc.lean
data/why3/pearl/defunctionalization_vcg/lean/defunctionalization_ReductionSemantics_itere_optqtvc.lean
data/why3/pearl/defunctionalization_vcg/lean/defunctionalization_ReductionSemantics_reduceqtvc.lean
data/why3/pearl/defunctionalization_vcg/lean/defunctionalization_RWithError_eval_1qtvc.lean
data/why3/pearl/defunctionalization_vcg/lean/defunctionalization_RWithError_eval_2qtvc.lean
data/why3/pearl/defunctionalization_vcg/lean/defunctionalization_RWithError_interpretqtvc.lean
data/why3/pearl/defunctionalization_vcg/lean/defunctionalization_SemWithError_continue_4qtvc.lean
data/why3/pearl/defunctionalization_vcg/lean/defunctionalization_SemWithError_eval_4qtvc.lean
data/why3/pearl/dijkstra_vcg/lean/dijkstra_DijkstraShortestPath_shortest_path_codeqtvc.lean
data/why3/pearl/dyck_vcg/lean/dyck_Check_is_dyckqtvc.lean
data/why3/pearl/dyck_vcg/lean/dyck_Check_is_dyck_recqtvc.lean
data/why3/pearl/edit_distance_vcg/lean/edit_distance_EditDistance_distanceqtvc.lean
data/why3/pearl/equality_up_to_spaces_vcg/lean/equality_up_to_spaces_Top_compare_up_to_spacesqtvc.lean
data/why3/pearl/euler001_vcg/lean/euler001_Euler001_solveqtvc.lean
data/why3/pearl/euler002_vcg/lean/euler002_Solve_fqtvc.lean
data/why3/pearl/euler_sieve_vcg/lean/euler_sieve_EulerSieveImpl_createqtvc.lean
data/why3/pearl/euler_sieve_vcg/lean/euler_sieve_EulerSieveImpl_set_markqtvc.lean
data/why3/pearl/euler_sieve_vcg/lean/euler_sieve_EulerSieve_remove_productsqtvc.lean
data/why3/pearl/flag2_vcg/lean/flag2_Flag_dutch_flagqtvc.lean
data/why3/pearl/flag2_vcg/lean/flag2_Flag_swapqtvc.lean
data/why3/pearl/foveoos11_challenge2_vcg/lean/foveoos11_challenge2_MaximumTree_maximumqtvc.lean
data/why3/pearl/foveoos11_cm/tree_max_vcg/lean/tree_max_TreeMax_max_auxqtvc.lean
data/why3/pearl/foveoos11_cm/tree_max_vcg/lean/tree_max_TreeMax_maxqtvc.lean
data/why3/pearl/gcd_vcg/lean/gcd_BinaryGcd_binary_gcdqtvc.lean
data/why3/pearl/gcd_vcg/lean/gcd_EuclideanAlgorithmIterative_euclidqtvc.lean
data/why3/pearl/gcd_vc_sp_vcg/lean/gcd_vc_sp_BinaryGcd_binary_gcdqtvc.lean
data/why3/pearl/hillel_challenge_vcg/lean/hillel_challenge_FulcrumNoOverflow_fulcrumqtvc.lean
data/why3/pearl/hillel_challenge_vcg/lean/hillel_challenge_Unique_uniqueqtvc.lean
data/why3/pearl/imp/imp_vcg/lean/imp_ConcreteInterpreter_interp_exprqtvc.lean
data/why3/pearl/imp/imp_vcg/lean/imp_SymbolicInterpreter_symbolic_interp_cmd_listqtvc.lean
data/why3/pearl/imp/imp_vcg/lean/imp_SymbolicInterpreter_symbolic_interp_cmdqtvc.lean
data/why3/pearl/imp/imp_vcg/lean/imp_SymbolicInterpreter_symbolic_interp_exprqtvc.lean
data/why3/pearl/imp/imp_vcg/lean/imp_SymbolicInterpreter_symbolic_interp_while_listqtvc.lean
data/why3/pearl/imp/imp_vcg/lean/imp_SymbolicInterpreter_symbolic_interp_whileqtvc.lean
data/why3/pearl/incremental_vcg/lean/incremental_Ce_int32_dummy_updateqtvc.lean
data/why3/pearl/incremental_vcg/lean/incremental_Ce_interesting_dummy_updateqtvc.lean
data/why3/pearl/isqrt_vcg/lean/isqrt_NewtonMethod_sqrtqtvc.lean
data/why3/pearl/isqrt_vcg/lean/isqrt_Simple_isqrtqtvc.lean
data/why3/pearl/isqrt_von_neumann_vcg/lean/isqrt_von_neumann_VonNeumann32_isqrt32qtvc.lean
data/why3/pearl/kmp_vcg/lean/kmp_KnuthMorrisPratt_initnextqtvc.lean
data/why3/pearl/kmp_vcg/lean/kmp_KnuthMorrisPratt_kmpqtvc.lean
data/why3/pearl/knuth_prime_numbers_vcg/lean/knuth_prime_numbers_PrimeNumbers_prime_numbersqtvc.lean
data/why3/pearl/koda_ruskey_vcg/lean/koda_ruskey_KodaRuskey_enumqtvc.lean
data/why3/pearl/koda_ruskey_vcg/lean/koda_ruskey_KodaRuskey_mainqtvc.lean
data/why3/pearl/largest_prime_factor_vcg/lean/largest_prime_factor_PrimeFactor_smallest_divisorqtvc.lean
data/why3/pearl/leftist_heap_vcg/lean/leftist_heap_LeftistHeap_delete_minqtvc.lean
data/why3/pearl/leftist_heap_vcg/lean/leftist_heap_LeftistHeap_is_emptyqtvc.lean
data/why3/pearl/leftist_heap_vcg/lean/leftist_heap_LeftistHeap_mergeqtvc.lean
data/why3/pearl/linear_probing_vcg/lean/linear_probing_LinearProbing_addqtvc.lean
data/why3/pearl/linear_probing_vcg/lean/linear_probing_LinearProbing_deleteqtvc.lean
data/why3/pearl/linear_probing_vcg/lean/linear_probing_LinearProbing_memqtvc.lean
data/why3/pearl/linear_probing_vcg/lean/linear_probing_LinearProbing_removeqtvc.lean
data/why3/pearl/linear_probing_vcg/lean/linear_probing_LinearProbing_resizeqtvc.lean
data/why3/pearl/linked_list_rev_vcg/lean/linked_list_rev_InPlaceRev_appqtvc.lean
data/why3/pearl/linked_list_rev_vcg/lean/linked_list_rev_InPlaceRev_in_place_reverseqtvc.lean
data/why3/pearl/linked_list_rev_vcg/lean/linked_list_rev_InPlaceRevSeq_appqtvc.lean
data/why3/pearl/linked_list_rev_vcg/lean/linked_list_rev_InPlaceRevSeq_in_place_reverseqtvc.lean
data/why3/pearl/linked_list_rev_vcg/lean/linked_list_rev_Termination_list_reversalqtvc.lean
data/why3/pearl/linked_list_rev_vcg/lean/linked_list_rev_YetAnotherInPlaceRev_list_reversal_finalqtvc.lean
data/why3/pearl/list_removal_vcg/lean/list_removal_Top_remove1qtvc.lean
data/why3/pearl/list_removal_vcg/lean/list_removal_Top_remove2qtvc.lean
data/why3/pearl/longest_increasing_subsequence_vcg/lean/longest_increasing_subsequence_Backtracking_lissqtvc.lean
data/why3/pearl/mergesort_array_vcg/lean/mergesort_array_BottomUpMergesort_bottom_up_mergesortqtvc.lean
data/why3/pearl/mergesort_array_vcg/lean/mergesort_array_Merge_merge_usingqtvc.lean
data/why3/pearl/mergesort_array_vcg/lean/mergesort_array_NaturalMergesort_natural_mergesortqtvc.lean
data/why3/pearl/mergesort_array_vcg/lean/mergesort_array_NaturalMergesort_naturalrecqtvc.lean
data/why3/pearl/mergesort_array_vcg/lean/mergesort_array_TopDownMergesort_mergesort_recqtvc.lean
data/why3/pearl/mergesort_list_vcg/lean/mergesort_list_OCamlMergesort_chopqtvc.lean
data/why3/pearl/mergesort_list_vcg/lean/mergesort_list_OCamlMergesort_mergesortqtvc.lean
data/why3/pearl/mergesort_list_vcg/lean/mergesort_list_OCamlMergesort_rev_sortqtvc.lean
data/why3/pearl/mergesort_list_vcg/lean/mergesort_list_OCamlMergesort_sortqtvc.lean
data/why3/pearl/multiprecision/add_1_vcg/lean/add_1_Add_1_wmpn_add_1_in_placeqtvc.lean
data/why3/pearl/multiprecision/add_1_vcg/lean/add_1_Add_1_wmpn_incr_1qtvc.lean
data/why3/pearl/multiprecision/add_vcg/lean/add_Add_add_n_rxyqtvc.lean
data/why3/pearl/multiprecision/add_vcg/lean/add_Add_add_ryqtvc.lean
data/why3/pearl/multiprecision/add_vcg/lean/add_AddOld_wmpn_add_in_placeqtvc.lean
data/why3/pearl/multiprecision/add_vcg/lean/add_AddOld_wmpn_add_n_in_placeqtvc.lean
data/why3/pearl/multiprecision/add_vcg/lean/add_Add_wmpn_addqtvc.lean
data/why3/pearl/multiprecision/base_info_vcg/lean/base_info_BaseInfo_wmpn_base_power_of_two_pqtvc.lean
data/why3/pearl/multiprecision/base_info_vcg/lean/base_info_BaseInfo_wmpn_get_base_infoqtvc.lean
data/why3/pearl/multiprecision/base_info_vcg/lean/base_info_BaseInfo_wmpn_limb_size_in_base_2qtvc.lean
data/why3/pearl/multiprecision/compare_vcg/lean/compare_Compare_wmpn_cmpqtvc.lean
data/why3/pearl/multiprecision/div_vcg/lean/div_Div_div2by1_invqtvc.lean
data/why3/pearl/multiprecision/div_vcg/lean/div_Div_div3by2_invqtvc.lean
data/why3/pearl/multiprecision/div_vcg/lean/div_Div_div_qr_in_placeqtvc.lean
data/why3/pearl/multiprecision/div_vcg/lean/div_Div_div_sb_qrqtvc.lean
data/why3/pearl/multiprecision/div_vcg/lean/div_Div_invert_limbqtvc.lean
data/why3/pearl/multiprecision/div_vcg/lean/div_Div_reciprocal_word_3by2qtvc.lean
data/why3/pearl/multiprecision/div_vcg/lean/div_Div_wmpn_divrem_1qtvc.lean
data/why3/pearl/multiprecision/div_vcg/lean/div_Div_wmpn_divrem_2qtvc.lean
data/why3/pearl/multiprecision/div_vcg/lean/div_Div_wmpn_tdiv_qr_in_placeqtvc.lean
data/why3/pearl/multiprecision/div_vcg/lean/div_Div_wmpn_tdiv_qrqtvc.lean
data/why3/pearl/multiprecision/get_str_vcg/lean/get_str_Get_str_wmpn_get_str_bitsqtvc.lean
data/why3/pearl/multiprecision/get_str_vcg/lean/get_str_Get_str_wmpn_get_str_otherqtvc.lean
data/why3/pearl/multiprecision/get_str_vcg/lean/get_str_Get_str_wmpn_get_strqtvc.lean
data/why3/pearl/multiprecision/get_str_vcg/lean/get_str_Get_str_wmpn_limb_get_strqtvc.lean
data/why3/pearl/multiprecision/powm_vcg/lean/powm_Powm_binvert_limbqtvc.lean
data/why3/pearl/multiprecision/powm_vcg/lean/powm_Powm_getbitqtvc.lean
data/why3/pearl/multiprecision/powm_vcg/lean/powm_Powm_getbitsqtvc.lean
data/why3/pearl/multiprecision/powm_vcg/lean/powm_Powm_redcifyqtvc.lean
data/why3/pearl/multiprecision/powm_vcg/lean/powm_Powm_win_sizeqtvc.lean
data/why3/pearl/multiprecision/powm_vcg/lean/powm_Powm_wmpn_redc_1qtvc.lean
data/why3/pearl/multiprecision/sub_1_vcg/lean/sub_1_Sub_1_wmpn_decr_1qtvc.lean
data/why3/pearl/multiprecision/sub_1_vcg/lean/sub_1_Sub_1_wmpn_decrqtvc.lean
data/why3/pearl/multiprecision/sub_1_vcg/lean/sub_1_Sub_1_wmpn_sub_1_in_placeqtvc.lean
data/why3/pearl/multiprecision/sub_1_vcg/lean/sub_1_Sub_1_wmpn_sub_1qtvc.lean
data/why3/pearl/multiprecision/sub_vcg/lean/sub_SubOld_wmpn_sub_in_placeqtvc.lean
data/why3/pearl/multiprecision/sub_vcg/lean/sub_SubOld_wmpn_sub_n_in_placeqtvc.lean
data/why3/pearl/multiprecision/sub_vcg/lean/sub_SubOld_wmpn_sub_nqtvc.lean
data/why3/pearl/multiprecision/sub_vcg/lean/sub_SubOld_wmpn_subqtvc.lean
data/why3/pearl/multiprecision/sub_vcg/lean/sub_Sub_sub_nqtvc.lean
data/why3/pearl/multiprecision/sub_vcg/lean/sub_Sub_sub_n_rxqtvc.lean
data/why3/pearl/multiprecision/sub_vcg/lean/sub_Sub_sub_n_ryqtvc.lean
data/why3/pearl/multiprecision/sub_vcg/lean/sub_Sub_subqtvc.lean
data/why3/pearl/multiprecision/sub_vcg/lean/sub_Sub_sub_rxqtvc.lean
data/why3/pearl/multiprecision/sub_vcg/lean/sub_Sub_sub_ryqtvc.lean
data/why3/pearl/multiprecision/sub_vcg/lean/sub_Sub_wmpn_sub_nqtvc.lean
data/why3/pearl/multiprecision/sub_vcg/lean/sub_Sub_wmpn_subqtvc.lean
data/why3/pearl/pairing_heap_vcg/lean/pairing_heap_PairingHeap_delete_minqtvc.lean
data/why3/pearl/pairing_heap_vcg/lean/pairing_heap_PairingHeap_find_minqtvc.lean
data/why3/pearl/patience_vcg/lean/patience_PatienceAbstract_play_cardsqtvc.lean
data/why3/pearl/patience_vcg/lean/patience_PatienceAbstract_play_gameqtvc.lean
data/why3/pearl/patience_vcg/lean/patience_PatienceCode_push_cardqtvc.lean
data/why3/pearl/power_vcg/lean/power_FastExponentiation_fast_exp_2qtvc.lean
data/why3/pearl/power_vcg/lean/power_FastExponentiation_fast_exp_imperativeqtvc.lean
data/why3/pearl/queens_bv_vcg/lean/queens_bv_Bits_belowqtvc.lean
data/why3/pearl/queens_bv_vcg/lean/queens_bv_Bits_rightmost_bit_trickqtvc.lean
data/why3/pearl/queens_vcg/lean/queens_NQueensSets_t3qtvc.lean
data/why3/pearl/queens_vcg/lean/queens_NQueensSetsTermination_tqtvc.lean
data/why3/pearl/quicksort_vcg/lean/quicksort_Quicksort3way_quick_recqtvc.lean
data/why3/pearl/quicksort_vcg/lean/quicksort_Quicksort_quick_recqtvc.lean
data/why3/pearl/quicksort_vcg/lean/quicksort_Shuffle_shuffleqtvc.lean
data/why3/pearl/quicksort_vcg/lean/quicksort_Traditional_quick_recqtvc.lean
data/why3/pearl/register_allocation_vcg/lean/register_allocation_DWP_wrapqtvc.lean
data/why3/pearl/register_allocation_vcg/lean/register_allocation_FiniteNumberOfRegisters_compileqtvc.lean
data/why3/pearl/register_allocation_vcg/lean/register_allocation_InfinityOfRegisters_compileqtvc.lean
data/why3/pearl/register_allocation_vcg/lean/register_allocation_OptimalNumberOfRegisters_compileqtvc.lean
data/why3/pearl/remove_duplicate_hash_vcg/lean/remove_duplicate_hash_RemoveDuplicate_remove_duplicateqtvc.lean
data/why3/pearl/rightmostbittrick_vcg/lean/rightmostbittrick_Rmbt_rightmost_bit_trickqtvc.lean
data/why3/pearl/ropes_vcg/lean/ropes_Balance_balanceqtvc.lean
data/why3/pearl/ropes_vcg/lean/ropes_Balance_insert_leavesqtvc.lean
data/why3/pearl/ropes_vcg/lean/ropes_Balance_insertqtvc.lean
data/why3/pearl/ropes_vcg/lean/ropes_Rope_getqtvc.lean
data/why3/pearl/ropes_vcg/lean/ropes_Rope_subqtvc.lean
data/why3/pearl/schorr_waite_vcg/lean/schorr_waite_SchorrWaite_schorr_waiteqtvc.lean
data/why3/pearl/schorr_waite_via_recursion_vcg/lean/schorr_waite_via_recursion_SchorrWaite_schorr_waiteqtvc.lean
data/why3/pearl/search_vcg/lean/search_Bfs_bfsqtvc.lean
data/why3/pearl/search_vcg/lean/search_Dfs_dfsqtvc.lean
data/why3/pearl/sf_vcg/lean/sf_HoareLogic_factorialqtvc.lean
data/why3/pearl/sf_vcg/lean/sf_HoareLogic_parityqtvc.lean
data/why3/pearl/sf_vcg/lean/sf_HoareLogic_reduce_to_zeroqtvc.lean
data/why3/pearl/sf_vcg/lean/sf_HoareLogic_slow_additionqtvc.lean
data/why3/pearl/sieve_vcg/lean/sieve_Sieve_sieveqtvc.lean
data/why3/pearl/skew_heaps_vcg/lean/skew_heaps_HeapSort_heapsortqtvc.lean
data/why3/pearl/skew_heaps_vcg/lean/skew_heaps_SkewHeaps_mergeqtvc.lean
data/why3/pearl/sorted_list_vcg/lean/sorted_list_FindInSortedList_findqtvc.lean
data/why3/pearl/string_search_vcg/lean/string_search_BadShiftTable_make_tableqtvc.lean
data/why3/pearl/string_search_vcg/lean/string_search_BadShiftTable_searchqtvc.lean
data/why3/pearl/sumrange_vcg/lean/sumrange_CumulativeArray_createqtvc.lean
data/why3/pearl/sumrange_vcg/lean/sumrange_CumulativeArray_queryqtvc.lean
data/why3/pearl/sumrange_vcg/lean/sumrange_CumulativeArray_updateqtvc.lean
data/why3/pearl/sumrange_vcg/lean/sumrange_CumulativeTree_query_aux_complexityqtvc.lean
data/why3/pearl/sumrange_vcg/lean/sumrange_CumulativeTree_query_auxqtvc.lean
data/why3/pearl/sumrange_vcg/lean/sumrange_CumulativeTree_tree_of_arrayqtvc.lean
data/why3/pearl/sumrange_vcg/lean/sumrange_CumulativeTree_update_aux_complexityqtvc.lean
data/why3/pearl/sumrange_vcg/lean/sumrange_CumulativeTree_update_auxqtvc.lean
data/why3/pearl/sumrange_vcg/lean/sumrange_CumulativeTree_updateqtvc.lean
data/why3/pearl/sumrange_vcg/lean/sumrange_Simple_queryqtvc.lean
data/why3/pearl/there_and_back_again_vcg/lean/there_and_back_again_Convolution_convolutionqtvc.lean
data/why3/pearl/there_and_back_again_vcg/lean/there_and_back_again_Convolution_convolution_recqtvc.lean
data/why3/pearl/there_and_back_again_vcg/lean/there_and_back_again_Palindrome_palindromeqtvc.lean
data/why3/pearl/there_and_back_again_vcg/lean/there_and_back_again_Palindrome_palindrome_recqtvc.lean
data/why3/pearl/tortoise_and_hare_vcg/lean/tortoise_and_hare_TortoiseAndHareAlgorithm_tortoise_and_hareqtvc.lean
data/why3/pearl/tree_height_vcg/lean/tree_height_HeightStack_height_stackqtvc.lean
data/why3/pearl/tree_height_vcg/lean/tree_height_Iteration_height1qtvc.lean
data/why3/pearl/tree_of_array_vcg/lean/tree_of_array_TreeOfArray_tree_of_arrayqtvc.lean
data/why3/pearl/tree_of_list_vcg/lean/tree_of_list_TreeOfList_tree_of_listqtvc.lean
data/why3/pearl/unraveling_a_card_trick_vcg/lean/unraveling_a_card_trick_GilbreathCardTrick_card_trickqtvc.lean
data/why3/pearl/unraveling_a_card_trick_vcg/lean/unraveling_a_card_trick_GilbreathCardTrick_shuffleqtvc.lean
data/why3/pearl/vacid_0_red_black_trees_vcg/lean/vacid_0_red_black_trees_RedBlackTree_lbalanceqtvc.lean
data/why3/pearl/vacid_0_red_black_trees_vcg/lean/vacid_0_red_black_trees_RedBlackTree_rbalanceqtvc.lean
data/why3/pearl/vacid_0_red_black_trees_vcg/lean/vacid_0_red_black_trees_Vacid0_lookupqtvc.lean
data/why3/pearl/vacid_0_red_black_trees_vcg/lean/vacid_0_red_black_trees_Vacid0_removeqtvc.lean
data/why3/pearl/vacid_0_sparse_array_vcg/lean/vacid_0_sparse_array_SparseArray_getqtvc.lean
data/why3/pearl/vacid_0_sparse_array_vcg/lean/vacid_0_sparse_array_SparseArray_setqtvc.lean
data/why3/pearl/verifythis_2015_dancing_links_vcg/lean/verifythis_2015_dancing_links_DancingLinks_removeqtvc.lean
data/why3/pearl/verifythis_2016_tree_traversal_vcg/lean/verifythis_2016_tree_traversal_Iterative_markTreeqtvc.lean
data/why3/pearl/verifythis_2016_tree_traversal_vcg/lean/verifythis_2016_tree_traversal_Recursive_markTreeqtvc.lean
data/why3/pearl/verifythis_2017_maximum_sum_submatrix_vcg/lean/verifythis_2017_maximum_sum_submatrix_Kadane2D_maximum_submatrixqtvc.lean
data/why3/pearl/verifythis_2017_odd_even_sort_rearranging_vcg/lean/verifythis_2017_odd_even_sort_rearranging_Top_my_swapqtvc.lean
data/why3/pearl/verifythis_2017_odd_even_sort_rearranging_vcg/lean/verifythis_2017_odd_even_sort_rearranging_Top_odd_even_sortqtvc.lean
data/why3/pearl/verifythis_2017_odd_even_transposition_sort_vcg/lean/verifythis_2017_odd_even_transposition_sort_Challenge3_odd_even_transposition_sortqtvc.lean
data/why3/pearl/verifythis_2017_pair_insertion_sort_vcg/lean/verifythis_2017_pair_insertion_sort_Challenge1_pair_insertion_sortqtvc.lean
data/why3/pearl/verifythis_2018_le_rouge_et_le_noir_1_vcg/lean/verifythis_2018_le_rouge_et_le_noir_1_ColoredTiles_enumqtvc.lean
data/why3/pearl/verifythis_2019_ghc_sort_vcg/lean/verifythis_2019_ghc_sort_Top_copy_listqtvc.lean
data/why3/pearl/verifythis_2019_ghc_sort_vcg/lean/verifythis_2019_ghc_sort_Top_cutpointsqtvc.lean
data/why3/pearl/verifythis_2019_ghc_sort_vcg/lean/verifythis_2019_ghc_sort_Top_findqtvc.lean
data/why3/pearl/verifythis_2019_ghc_sort_vcg/lean/verifythis_2019_ghc_sort_Top_ghc_sortqtvc.lean
data/why3/pearl/verifythis_2019_ghc_sort_vcg/lean/verifythis_2019_ghc_sort_Top_orderqtvc.lean
data/why3/pearl/verifythis_2019_ghc_sort_vcg/lean/verifythis_2019_ghc_sort_Top_sorted_listsqtvc.lean
data/why3/pearl/verifythis_2019_ghc_sort_vcg/lean/verifythis_2019_ghc_sort_Top_sort_to_listqtvc.lean
data/why3/pearl/verifythis_2021_dll_to_bst_vcg/lean/verifythis_2021_dll_to_bst_Top_dll_to_bst_altqtvc.lean
data/why3/pearl/verifythis_2021_dll_to_bst_vcg/lean/verifythis_2021_dll_to_bst_Top_dll_to_bstqtvc.lean
data/why3/pearl/verifythis_2021_dll_to_bst_vcg/lean/verifythis_2021_dll_to_bst_Top_dll_to_bst_recqtvc.lean
data/why3/pearl/verifythis_2021_dll_to_bst_vcg/lean/verifythis_2021_dll_to_bst_Top_size_altqtvc.lean
data/why3/pearl/verifythis_2021_lexicographic_permutations_1_vcg/lean/verifythis_2021_lexicographic_permutations_1_Top_nextqtvc.lean
data/why3/pearl/verifythis_2021_lexicographic_permutations_1_vcg/lean/verifythis_2021_lexicographic_permutations_1_Top_permutqtvc.lean
data/why3/pearl/verifythis_2021_lexicographic_permutations_1_vcg/lean/verifythis_2021_lexicographic_permutations_1_Top_swapqtvc.lean
data/why3/pearl/verifythis_2021_lexicographic_permutations_1_vcg/lean/verifythis_2021_lexicographic_permutations_1_Top_to_seqqtvc.lean
data/why3/pearl/verifythis_2021_shearsort_modified_vcg/lean/verifythis_2021_shearsort_modified_Top_shearsortqtvc.lean
data/why3/pearl/verifythis_2021_shearsort_vcg/lean/verifythis_2021_shearsort_Quicksort_quick_recqtvc.lean
data/why3/pearl/verifythis_2021_shearsort_vcg/lean/verifythis_2021_shearsort_Quicksort_quicksortqtvc.lean
data/why3/pearl/verifythis_2021_shearsort_vcg/lean/verifythis_2021_shearsort_ShearSort_shear_sortqtvc.lean
data/why3/pearl/verifythis_2021_shearsort_vcg/lean/verifythis_2021_shearsort_ShearSort_sort_all_columnsqtvc.lean
data/why3/pearl/verifythis_2021_shearsort_vcg/lean/verifythis_2021_shearsort_ShearSort_sort_all_rowsqtvc.lean
data/why3/pearl/verifythis_2021_shearsort_vcg/lean/verifythis_2021_shearsort_ShearSort_sort_columnqtvc.lean
data/why3/pearl/verifythis_2021_shearsort_vcg/lean/verifythis_2021_shearsort_ShearSort_sort_rowqtvc.lean
data/why3/pearl/verifythis_2024_challenge1_vcg/lean/verifythis_2024_challenge1_Top_smart_array_copy_0bqtvc.lean
data/why3/pearl/verifythis_2024_challenge1_vcg/lean/verifythis_2024_challenge1_Top_smart_array_copy_0qtvc.lean
data/why3/pearl/verifythis_2024_challenge1_vcg/lean/verifythis_2024_challenge1_Top_smart_array_copy_1qtvc.lean
data/why3/pearl/verifythis_fm2012_treedel_vcg/lean/verifythis_fm2012_treedel_Treedel_search_tree_delete_minqtvc.lean
data/why3/pearl/vstte12_bfs_vcg/lean/vstte12_bfs_BFS_bfsqtvc.lean
data/why3/pearl/vstte12_bfs_vcg/lean/vstte12_bfs_BFS_fill_nextqtvc.lean
data/why3/pearl/vstte12_combinators_vcg/lean/vstte12_combinators_Combinators_reduction2qtvc.lean
data/why3/pearl/vstte12_combinators_vcg/lean/vstte12_combinators_Combinators_reduction3qtvc.lean
data/why3/pearl/vstte12_combinators_vcg/lean/vstte12_combinators_Combinators_reductionqtvc.lean
data/why3/pearl/vstte12_tree_reconstruction_vcg/lean/vstte12_tree_reconstruction_Harness_harness2qtvc.lean
data/why3/pearl/vstte12_tree_reconstruction_vcg/lean/vstte12_tree_reconstruction_Harness_harnessqtvc.lean
data/why3/pearl/vstte12_tree_reconstruction_vcg/lean/vstte12_tree_reconstruction_TreeReconstruction_buildqtvc.lean
data/why3/pearl/vstte12_tree_reconstruction_vcg/lean/vstte12_tree_reconstruction_TreeReconstruction_build_recqtvc.lean
data/why3/pearl/vstte12_tree_reconstruction_vcg/lean/vstte12_tree_reconstruction_ZipperBased_buildqtvc.lean
data/why3/pearl/warshall_algorithm_vcg/lean/warshall_algorithm_WarshallAlgorithm_transitive_closureqtvc.lean
data/why3/pearl/word_common_factor_vcg/lean/word_common_factor_Top_common_factorqtvc.lean
data/why3/pearl/word_common_factor_vcg/lean/word_common_factor_Top_powerqtvc.lean
